// Jest Snapshot v1, https://goo.gl/fbAQLP

exports[`constants matches snapshot 1`] = `
{
  "GITHUB_GRAPHQL_ENDPOINT": "https://api.github.com/graphql",
  "SOCIALIFY_GRAPHQL_ENDPOINT": "/api/graphql",
}
`;
